
Running 1 test using 1 worker

[1A[2K[1/1] [Core] ΓÇ║ e2e\core\invoices.spec.ts:4:9 ΓÇ║ Invoices Module ΓÇ║ Direct Invoice Creation
[1A[2K  1) [Core] ΓÇ║ e2e\core\invoices.spec.ts:4:9 ΓÇ║ Invoices Module ΓÇ║ Direct Invoice Creation ΓöÇΓöÇΓöÇΓöÇΓöÇΓöÇΓöÇΓöÇΓöÇΓöÇΓöÇΓöÇ

    Error: [2mexpect([22m[31mlocator[39m[2m).[22mtoBeVisible[2m([22m[2m)[22m failed

    Locator: getByText(/invoice.*saved|created/i).or(getByText(/invoice.*updated/i))
    Expected: visible
    Timeout: 5000ms
    Error: element(s) not found

    Call log:
    [2m  - Expect "toBeVisible" with timeout 5000ms[22m
    [2m  - waiting for getByText(/invoice.*saved|created/i).or(getByText(/invoice.*updated/i))[22m


      68 |
      69 |         // Verify success toast or redirection
    > 70 |         await expect(page.getByText(/invoice.*saved|created/i).or(page.getByText(/invoice.*updated/i))).toBeVisible({ timeout: 5000 });
         |                                                                                                         ^
      71 |
      72 |         // 3. Verify in List
      73 |         await page.goto('/invoices'); // Reload to be sure or check valid navigation
        at C:\Users\basit\personal_projects\miniCRM\e2e\core\invoices.spec.ts:70:105

    Error Context: test-results\invoices-Invoices-Module-Direct-Invoice-Creation-Core\error-context.md


[1A[2K  1 failed
    [Core] ΓÇ║ e2e\core\invoices.spec.ts:4:9 ΓÇ║ Invoices Module ΓÇ║ Direct Invoice Creation ΓöÇΓöÇΓöÇΓöÇΓöÇΓöÇΓöÇΓöÇΓöÇΓöÇΓöÇΓöÇΓöÇ

[36m  Serving HTML report at http://localhost:64077. Press Ctrl+C to quit.[39m
