
Running 1 test using 1 worker

[1A[2K[1/1] [Extended] ΓÇ║ e2e\extended\quotes.spec.ts:31:9 ΓÇ║ Quotations Module ΓÇ║ Quote Creation and Lifecycle
[1A[2K[Extended] ΓÇ║ e2e\extended\quotes.spec.ts:31:9 ΓÇ║ Quotations Module ΓÇ║ Quote Creation and Lifecycle
Seeded Customer: Quote Test 1767343889142 (ID: 1767343889142)

[1A[2KSeeded Vehicle: V-1767343889142 (ID: 1767343889171)

[1A[2KTest Started

[1A[2KNavigated to New Quote Page

[1A[2KOpening Customer Select...

[1A[2KWaiting for customer option to appear...

[1A[2KCustomer Selected via Mouse Click

[1A[2KAdded Line Item row

[1A[2KVehicle Selected

[1A[2KClicked Create Quote

[1A[2KAPI Quotes dump (partial): []

[1A[2K  1) [Extended] ΓÇ║ e2e\extended\quotes.spec.ts:31:9 ΓÇ║ Quotations Module ΓÇ║ Quote Creation and Lifecycle 

    Error: Quote for customer Quote Test 1767343889142 not found in API after saving!

      105 |         if (!savedQuote) {
      106 |             console.log('API Quotes dump (partial):', JSON.stringify(quotes.slice(0, 3), null, 2));
    > 107 |             throw new Error(`Quote for customer ${customerName} not found in API after saving!`);
          |                   ^
      108 |         }
      109 |         console.log('Quote persisted in backend:', savedQuote.id);
      110 |
        at C:\Users\basit\personal_projects\miniCRM\e2e\extended\quotes.spec.ts:107:19

    Error Context: test-results\quotes-Quotations-Module-Quote-Creation-and-Lifecycle-Extended\error-context.md


[1A[2K  1 failed
    [Extended] ΓÇ║ e2e\extended\quotes.spec.ts:31:9 ΓÇ║ Quotations Module ΓÇ║ Quote Creation and Lifecycle 

[36m  Serving HTML report at http://localhost:59871. Press Ctrl+C to quit.[39m
